 test
 testtow
